#! /foss/tools/iverilog/bin/vvp
:ivl_version "13.0 (devel)" "(s20250103-26-gb0c57ab1-dirty)";
:ivl_delay_selection "TYPICAL";
:vpi_time_precision + 0;
:vpi_module "/foss/tools/iverilog/lib/ivl/system.vpi";
:vpi_module "/foss/tools/iverilog/lib/ivl/vhdl_sys.vpi";
:vpi_module "/foss/tools/iverilog/lib/ivl/vhdl_textio.vpi";
:vpi_module "/foss/tools/iverilog/lib/ivl/v2005_math.vpi";
:vpi_module "/foss/tools/iverilog/lib/ivl/va_math.vpi";
:vpi_module "/foss/tools/iverilog/lib/ivl/v2009.vpi";
S_0x61bf9380a510 .scope package, "$unit" "$unit" 2 1;
 .timescale 0 0;
S_0x61bf9380a6c0 .scope module, "two_ff_sync" "two_ff_sync" 3 11;
 .timescale 0 0;
    .port_info 0 /OUTPUT 4 "q2";
    .port_info 1 /INPUT 4 "din";
    .port_info 2 /INPUT 1 "clk";
    .port_info 3 /INPUT 1 "rst_n";
P_0x61bf9380a850 .param/l "SIZE" 0 3 11, +C4<00000000000000000000000000000100>;
o0x75e046f02018 .functor BUFZ 1, c4<z>; HiZ drive
v0x61bf9381c400_0 .net "clk", 0 0, o0x75e046f02018;  0 drivers
o0x75e046f02048 .functor BUFZ 4, c4<zzzz>; HiZ drive
v0x61bf93853680_0 .net "din", 3 0, o0x75e046f02048;  0 drivers
v0x61bf93853760_0 .var "q1", 3 0;
v0x61bf93853850_0 .var "q2", 3 0;
o0x75e046f020d8 .functor BUFZ 1, c4<z>; HiZ drive
v0x61bf93853930_0 .net "rst_n", 0 0, o0x75e046f020d8;  0 drivers
E_0x61bf93844270/0 .event negedge, v0x61bf93853930_0;
E_0x61bf93844270/1 .event posedge, v0x61bf9381c400_0;
E_0x61bf93844270 .event/or E_0x61bf93844270/0, E_0x61bf93844270/1;
    .scope S_0x61bf9380a6c0;
T_0 ;
    %wait E_0x61bf93844270;
    %load/vec4 v0x61bf93853930_0;
    %nor/r;
    %flag_set/vec4 8;
    %jmp/0xz  T_0.0, 8;
    %pushi/vec4 0, 0, 8;
    %split/vec4 4;
    %assign/vec4 v0x61bf93853760_0, 0;
    %assign/vec4 v0x61bf93853850_0, 0;
    %jmp T_0.1;
T_0.0 ;
    %load/vec4 v0x61bf93853760_0;
    %load/vec4 v0x61bf93853680_0;
    %concat/vec4; draw_concat_vec4
    %split/vec4 4;
    %assign/vec4 v0x61bf93853760_0, 0;
    %assign/vec4 v0x61bf93853850_0, 0;
T_0.1 ;
    %jmp T_0;
    .thread T_0;
# The file index is used to find the file name in the following table.
:file_names 4;
    "N/A";
    "<interactive>";
    "-";
    "rtl/ip/async_fifo/two_ff_sync.sv";
